BusinessEntityID
----------------
48

(1 row affected)

RecursionLevel BusinessEntityID FirstName                                          LastName                                           OrganizationNode                                                                                                                                                                                                                                                 ManagerFirstName                                   ManagerLastName
-------------- ---------------- -------------------------------------------------- -------------------------------------------------- ---------------------------------------------------------------------------------------------------------------------------------------------------------------------------------------------------------------------------------------------------------------- -------------------------------------------------- --------------------------------------------------
0              48               Ruth                                               Ellerbrock                                         /3/1/3/1/                                                                                                                                                                                                                                                        Andrew                                             Hill
1              47               Andrew                                             Hill                                               /3/1/3/                                                                                                                                                                                                                                                          Peter                                              Krebs
2              26               Peter                                              Krebs                                              /3/1/                                                                                                                                                                                                                                                            James                                              Hamilton
3              25               James                                              Hamilton                                           /3/                                                                                                                                                                                                                                                              Ken                                                Sánchez


Completion time: 2023-03-22T16:18:15.9462727+05:30
