Msg 2714, Level 16, State 3, Procedure ListItemCurrencyExchangeS, Line 2 [Batch Start Line 2]
There is already an object named 'ListItemCurrencyExchangeS' in the database.
SalesOrderDetailID OrderQty ProductID   UnitPrice             UnitPriceConverted
------------------ -------- ----------- --------------------- ---------------------
1                  1        776         2024.994              1966.4717
2                  3        777         2024.994              1966.4717
3                  1        778         2024.994              1966.4717
4                  1        771         2039.994              1981.0382
5                  1        772         2039.994              1981.0382
6                  2        773         2039.994              1981.0382
7                  1        774         2039.994              1981.0382
8                  3        714         28.8404               28.0069
9                  1        716         28.8404               28.0069
10                 6        709         5.70                  5.5353
11                 2        712         5.1865                5.0366
12                 4        711         20.1865               19.6031

(12 rows affected)


Completion time: 2023-03-23T11:10:27.9226113+05:30
